#-----------------------------------------------------------
# Vivado v2025.2 (64-bit)
# SW Build 6299465 on Fri Nov 14 19:35:11 GMT 2025
# IP Build 6300035 on Fri Nov 14 10:48:45 MST 2025
# SharedData Build 6298862 on Thu Nov 13 04:50:51 MST 2025
# Start of session at: Mon Mar 30 10:28:21 2026
# Process ID         : 20784
# Current directory  : D:/Programare/SystemVerilog/ALU/ALU.runs/synth_1
# Command line       : vivado.exe -log top.vds -product Vivado -mode batch -messageDb vivado.pb -notrace -source top.tcl
# Log file           : D:/Programare/SystemVerilog/ALU/ALU.runs/synth_1/top.vds
# Journal file       : D:/Programare/SystemVerilog/ALU/ALU.runs/synth_1\vivado.jou
# Running On         : DESKTOP-9HCBKN4
# Platform           : Windows Server 2016 or Windows 10
# Operating System   : 19045
# Processor Detail   : AMD Ryzen 7 5800H with Radeon Graphics         
# CPU Frequency      : 3194 MHz
# CPU Physical cores : 8
# CPU Logical cores  : 16
# Host memory        : 16558 MB
# Swap memory        : 4254 MB
# Total Virtual      : 20812 MB
# Available Virtual  : 3115 MB
#-----------------------------------------------------------
source top.tcl -notrace
