Copyright 1986-2022 Xilinx, Inc. All Rights Reserved. Copyright 2022-2025 Advanced Micro Devices, Inc. All Rights Reserved.
--------------------------------------------------------------------------------------------------------------------------------------------------------------------------------------
| Tool Version : Vivado v.2025.2 (win64) Build 6299465 Fri Nov 14 19:35:11 GMT 2025
| Date         : Fri Apr 17 00:31:17 2026
| Host         : DESKTOP-9HCBKN4 running 64-bit major release  (build 9200)
| Command      : report_methodology -file Top_Game_NexysA7_methodology_drc_routed.rpt -pb Top_Game_NexysA7_methodology_drc_routed.pb -rpx Top_Game_NexysA7_methodology_drc_routed.rpx
| Design       : Top_Game_NexysA7
| Device       : xc7a50tcsg324-1
| Speed File   : -1
| Design State : Fully Routed
--------------------------------------------------------------------------------------------------------------------------------------------------------------------------------------

Report Methodology

Table of Contents
-----------------
1. REPORT SUMMARY
2. REPORT DETAILS

1. REPORT SUMMARY
-----------------
            Netlist: netlist
          Floorplan: design_1
      Design limits: <entire design considered>
             Max checks: <unlimited>
             Checks found: 7
+----------+----------+--------------------------------------------+--------+
| Rule     | Severity | Description                                | Checks |
+----------+----------+--------------------------------------------+--------+
| SYNTH-6  | Warning  | Timing of a RAM block might be sub-optimal | 4      |
| SYNTH-10 | Warning  | Wide multiplier                            | 3      |
+----------+----------+--------------------------------------------+--------+

2. REPORT DETAILS
-----------------
SYNTH-6#1 Warning
Timing of a RAM block might be sub-optimal  
The timing for the instance vram/vram_reg_1_0, implemented as a RAM block, might be sub-optimal as no output register was merged into the block.
Related violations: <none>

SYNTH-6#2 Warning
Timing of a RAM block might be sub-optimal  
The timing for the instance vram/vram_reg_1_0__0, implemented as a RAM block, might be sub-optimal as no output register was merged into the block.
Related violations: <none>

SYNTH-6#3 Warning
Timing of a RAM block might be sub-optimal  
The timing for the instance vram/vram_reg_1_1, implemented as a RAM block, might be sub-optimal as no output register was merged into the block.
Related violations: <none>

SYNTH-6#4 Warning
Timing of a RAM block might be sub-optimal  
The timing for the instance vram/vram_reg_1_1__0, implemented as a RAM block, might be sub-optimal as no output register was merged into the block.
Related violations: <none>

SYNTH-10#1 Warning
Wide multiplier  
Detected multiplier at core/alu_out0 of size 16x18, it is decomposed from a wide multipler into 4 DSP blocks.
Related violations: <none>

SYNTH-10#2 Warning
Wide multiplier  
Detected multiplier at core/alu_out0__0 of size 18x18, it is decomposed from a wide multipler into 4 DSP blocks.
Related violations: <none>

SYNTH-10#3 Warning
Wide multiplier  
Detected multiplier at core/alu_out0__1 of size 18x16, it is decomposed from a wide multipler into 4 DSP blocks.
Related violations: <none>


